2025-02-21 13:58:44 - 🚀 Starting room creation...
2025-02-21 13:58:44 - ✔ Received form data: Room - Phòng rẻ nhất, Building ID - 11
2025-02-21 13:58:44 - ✅ New room created with ID: 16
2025-02-21 13:58:44 - ⚠️ No image uploaded or file error.
2025-02-21 13:58:44 - 🔄 Updating building rental price...
2025-02-21 13:58:44 - ✅ Cập nhật giá tòa nhà: 200.00 - 200.00
2025-02-21 13:58:44 - ✅ New room creation process completed successfully.
2025-02-21 13:58:44 - ✅ Redirecting to edit rooms page.
2025-02-21 13:59:07 - 🚀 Starting room creation...
2025-02-21 13:59:07 - ✔ Received form data: Room - Phòng cao nhất, Building ID - 11
2025-02-21 13:59:07 - ✅ New room created with ID: 17
2025-02-21 13:59:07 - ⚠️ No image uploaded or file error.
2025-02-21 13:59:07 - 🔄 Updating building rental price...
2025-02-21 13:59:07 - ✅ Cập nhật giá tòa nhà: 6.00 - 200.00
2025-02-21 13:59:07 - ✅ New room creation process completed successfully.
2025-02-21 13:59:07 - ✅ Redirecting to edit rooms page.
2025-02-21 15:27:07 - 🚀 Starting room creation...
2025-02-21 15:27:07 - ✔ Received form data: Room - Phòng cao nhất, Building ID - 1
2025-02-21 15:27:07 - ✅ New room created with ID: 18
2025-02-21 15:27:07 - ⚠️ No image uploaded or file error.
2025-02-21 15:27:07 - 🔄 Updating building rental price...
2025-02-21 15:27:07 - ✅ Cập nhật giá tòa nhà: 7.00 - 4000000.00
2025-02-21 15:27:07 - ✅ New room creation process completed successfully.
2025-02-21 15:27:07 - ✅ Redirecting to edit rooms page.
2025-02-21 15:33:19 - 🚀 Starting room creation...
2025-02-21 15:33:19 - ✔ Received form data: Room - Phòng cao nhất, Building ID - 11
2025-02-21 15:33:19 - ✅ New room created with ID: 19
2025-02-21 15:33:19 - ⚠️ No image uploaded or file error.
2025-02-21 15:33:19 - 🔄 Updating building rental price...
2025-02-21 15:33:19 - ✅ Cập nhật giá tòa nhà: 6.00 - 200.00
2025-02-21 15:33:19 - ✅ New room creation process completed successfully.
2025-02-21 15:33:19 - ✅ Redirecting to edit rooms page.
2025-02-21 15:35:36 - 🚀 Starting room creation...
2025-02-21 15:35:36 - ✔ Received form data: Room - Phòng rẻ nhất, Building ID - 11
2025-02-21 15:35:51 - 🚀 Starting room creation...
2025-02-21 15:35:51 - ✔ Received form data: Room - Phòng rẻ nhất, Building ID - 11
2025-02-21 15:35:51 - ✅ New room created with ID: 20
2025-02-21 15:35:51 - ⚠️ No image uploaded or file error.
2025-02-21 15:35:51 - 🔄 Updating building rental price...
2025-02-21 15:35:51 - ✅ Cập nhật giá tòa nhà: 2.00 - 2.00
2025-02-21 15:35:51 - ✅ New room creation process completed successfully.
2025-02-21 15:35:51 - ✅ Redirecting to edit rooms page.
2025-02-21 15:39:23 - 🚀 Starting room creation...
2025-02-21 15:39:23 - ✔ Received form data: Room - Phòng cao nhất, Building ID - 11
2025-02-21 15:39:23 - ✅ New room created with ID: 21
2025-02-21 15:39:23 - ⚠️ No image uploaded or file error.
2025-02-21 15:39:23 - 🔄 Updating building rental price...
2025-02-21 15:39:23 - ✅ Cập nhật giá tòa nhà: 2.00 - 5.00
2025-02-21 15:39:23 - ✅ New room creation process completed successfully.
2025-02-21 15:39:23 - ✅ Redirecting to edit rooms page.
2025-02-21 15:40:37 - 🚀 Starting room creation...
2025-02-21 15:43:13 - 🚀 Starting room creation...
2025-02-21 15:43:13 - ✔ Received form data: Room - Phòng cao nhất, Building ID - 11
2025-02-21 15:43:13 - ✅ New room created with ID: 22
2025-02-21 15:43:13 - ⚠️ No image uploaded or file error.
2025-02-21 15:43:13 - 🔄 Updating building rental price...
2025-02-21 15:43:13 - ✅ Cập nhật giá tòa nhà: 2 - 5
2025-02-21 15:43:13 - ✅ New room creation process completed successfully.
2025-02-21 15:43:13 - ✅ Redirecting to edit rooms page.
2025-02-21 15:43:25 - 🚀 Starting room creation...
2025-02-21 15:43:25 - ✔ Received form data: Room - Phòng cao nhất, Building ID - 11
2025-02-21 15:43:25 - ✅ New room created with ID: 23
2025-02-21 15:43:25 - ⚠️ No image uploaded or file error.
2025-02-21 15:43:25 - 🔄 Updating building rental price...
2025-02-21 15:43:25 - ✅ Cập nhật giá tòa nhà: 2 - 5
2025-02-21 15:43:25 - ✅ New room creation process completed successfully.
2025-02-21 15:43:25 - ✅ Redirecting to edit rooms page.
2025-02-21 15:44:10 - 🚀 Starting room creation...
2025-02-21 15:44:10 - ✔ Received form data: Room - Phòng cao nhất, Building ID - 11
2025-02-21 15:44:10 - ✅ New room created with ID: 24
2025-02-21 15:44:10 - ⚠️ No image uploaded or file error.
2025-02-21 15:44:10 - 🔄 Updating building rental price...
2025-02-21 15:44:10 - ✅ Cập nhật giá tòa nhà: 2 - 5
2025-02-21 15:44:10 - ✅ New room creation process completed successfully.
2025-02-21 15:44:10 - ✅ Redirecting to edit rooms page.
2025-02-21 15:45:45 - 🚀 Starting building creation...
2025-02-21 15:45:45 - ✔ Received form data: Name - Toà nhà E4, User ID - 2
2025-02-21 15:45:45 - ✅ New building created with ID: 12
2025-02-21 15:45:45 - ⚠️ No image uploaded or file error.
2025-02-21 15:45:45 - ✅ New building creation process completed successfully.
2025-02-21 15:45:45 - ✅ Redirecting to manage buildings page.
2025-02-21 15:45:56 - 🚀 Starting room creation...
2025-02-21 15:45:56 - ✔ Received form data: Room - Phòng cao nhất, Building ID - 12
2025-02-21 15:45:56 - ✅ New room created with ID: 25
2025-02-21 15:45:56 - ⚠️ No image uploaded or file error.
2025-02-21 15:45:56 - 🔄 Updating building rental price...
2025-02-21 15:45:56 - ✅ Cập nhật giá tòa nhà: 5 - 5
2025-02-21 15:45:56 - ✅ New room creation process completed successfully.
2025-02-21 15:45:56 - ✅ Redirecting to edit rooms page.
2025-02-21 15:46:09 - 🚀 Starting room creation...
2025-02-21 15:46:09 - ✔ Received form data: Room - Phòng cao nhất, Building ID - 12
2025-02-21 15:46:09 - ✅ New room created with ID: 26
2025-02-21 15:46:09 - ⚠️ No image uploaded or file error.
2025-02-21 15:46:09 - 🔄 Updating building rental price...
2025-02-21 15:46:09 - ✅ Cập nhật giá tòa nhà: 5 - 10
2025-02-21 15:46:09 - ✅ New room creation process completed successfully.
2025-02-21 15:46:09 - ✅ Redirecting to edit rooms page.
2025-02-21 15:49:26 - 🚀 Starting room creation...
2025-02-21 15:49:26 - ✔ Received form data: Room - 302, Building ID - 12
2025-02-21 15:49:26 - ✅ New room created with ID: 27
2025-02-21 15:49:26 - ⚠️ No image uploaded or file error.
2025-02-21 15:49:26 - 🔄 Updating building rental price...
2025-02-21 15:49:26 - ✅ Cập nhật giá tòa nhà: 2 - 12
2025-02-21 15:49:26 - ✅ New room creation process completed successfully.
2025-02-21 15:49:26 - ✅ Redirecting to edit rooms page.
2025-02-21 16:06:26 - 🚀 Starting room creation...
2025-02-21 16:06:26 - ✔ Received form data: Room - , Building ID - <br />
<b>Warning</b>:  Undefined variable $building_id in <b>C:\xampp\htdocs\baboohouse\templates\create_building.php</b> on line <b>179</b><br />

2025-02-21 16:16:39 - 🚀 Starting room creation...
2025-02-21 16:16:39 - ✔ Received form data: Room - Phòng 101, Building ID - <br />
<b>Warning</b>:  Undefined variable $building_id in <b>C:\xampp\htdocs\baboohouse\templates\create_building.php</b> on line <b>179</b><br />

2025-02-21 16:17:02 - 🚀 Starting room creation...
2025-02-21 16:17:02 - ✔ Received form data: Room - Phòng 101, Building ID - <br />
<b>Warning</b>:  Undefined variable $building_id in <b>C:\xampp\htdocs\baboohouse\templates\create_building.php</b> on line <b>179</b><br />

2025-02-21 16:17:07 - 🚀 Starting room creation...
2025-02-21 16:17:07 - ✔ Received form data: Room - Phòng 101, Building ID - <br />
<b>Warning</b>:  Undefined variable $building_id in <b>C:\xampp\htdocs\baboohouse\templates\create_building.php</b> on line <b>179</b><br />

2025-02-21 17:09:09 - 🚀 Starting building creation...
2025-02-21 17:09:26 - 🚀 Starting building creation...
2025-02-21 17:10:50 - 🚀 Starting building creation...
2025-02-21 17:10:57 - 🚀 Starting building creation...
2025-02-21 17:13:48 - 🚀 Starting building creation...
2025-02-21 17:14:46 - 🚀 Starting building creation...
2025-02-21 17:15:07 - 🚀 Starting building creation...
2025-02-21 17:15:40 - 🚀 Starting building creation...
2025-02-21 17:15:40 - ✔ Received form data: Name - Toà nhà E4, User ID - 2
2025-02-21 17:15:40 - ✅ New building created with ID: 13
2025-02-21 17:15:40 - ⚠️ No image uploaded or file error.
2025-02-21 17:15:40 - ✅ New building creation process completed successfully.
2025-02-21 17:15:40 - ✅ Redirecting to manage buildings page.
2025-02-21 17:16:53 - 🚀 Starting building creation...
2025-02-21 17:16:53 - ✔ Received form data: Name - Toà nhà E4, User ID - 2
2025-02-21 17:16:53 - ✅ New building created with ID: 14
2025-02-21 17:16:53 - ⚠️ No image uploaded or file error.
2025-02-21 17:16:53 - ✅ New building creation process completed successfully.
2025-02-21 17:16:53 - ✅ Redirecting to manage buildings page.
2025-02-21 17:17:07 - 🚀 Starting building creation...
2025-02-21 17:17:07 - ✔ Received form data: Name - Toà nhà E4, User ID - 2
2025-02-21 17:17:07 - ✅ New building created with ID: 15
2025-02-21 17:17:07 - ⚠️ No image uploaded or file error.
2025-02-21 17:17:07 - ✅ New building creation process completed successfully.
2025-02-21 17:17:07 - ✅ Redirecting to manage buildings page.
2025-02-21 17:17:16 - 🚀 Starting building creation...
2025-02-21 17:17:16 - ✔ Received form data: Name - Toà nhà E4, User ID - 2
2025-02-21 17:17:16 - ✅ New building created with ID: 16
2025-02-21 17:17:16 - ⚠️ No image uploaded or file error.
2025-02-21 17:17:16 - ✅ New building creation process completed successfully.
2025-02-21 17:17:16 - ✅ Redirecting to manage buildings page.
2025-02-21 17:17:41 - 🚀 Starting building creation...
2025-02-21 17:17:41 - ✔ Received form data: Name - Toà nhà E4, User ID - 2
2025-02-21 17:17:41 - ✅ New building created with ID: 17
2025-02-21 17:17:41 - ⚠️ No image uploaded or file error.
2025-02-21 17:17:41 - ✅ New building creation process completed successfully.
2025-02-21 17:17:41 - ✅ Redirecting to manage buildings page.
2025-02-21 17:18:42 - 🚀 Starting building creation...
2025-02-21 17:18:42 - ✔ Received form data: Name - Toà nhà E4, User ID - 2
2025-02-21 17:18:42 - ✅ New building created with ID: 18
2025-02-21 17:18:42 - ⚠️ No image uploaded or file error.
2025-02-21 17:18:42 - ✅ New building creation process completed successfully.
2025-02-21 17:18:42 - ✅ Redirecting to manage buildings page.
2025-02-21 17:18:53 - 🚀 Starting building creation...
2025-02-21 17:18:53 - ✔ Received form data: Name - Toà nhà E4, User ID - 2
2025-02-21 17:18:53 - ✅ New building created with ID: 19
2025-02-21 17:18:53 - ⚠️ No image uploaded or file error.
2025-02-21 17:18:53 - ✅ New building creation process completed successfully.
2025-02-21 17:18:53 - ✅ Redirecting to manage buildings page.
2025-02-21 17:20:50 - 🚀 Starting building creation...
2025-02-21 17:20:50 - ✔ Received form data: Name - Toà nhà E4, User ID - 2
2025-02-21 17:20:50 - ✅ New building created with ID: 20
2025-02-21 17:20:50 - ⚠️ No image uploaded or file error.
2025-02-21 17:20:50 - ✅ New building creation process completed successfully.
2025-02-21 17:20:50 - ✅ Redirecting to manage buildings page.
2025-02-21 17:24:02 - 🚀 Starting building creation...
2025-02-21 17:24:02 - ✔ Received form data: Name - Toà nhà E4, User ID - 2
2025-02-21 17:24:02 - ✅ New building created with ID: 21
2025-02-21 17:24:02 - ⚠️ No image uploaded or file error.
2025-02-21 17:24:02 - ✅ New building creation process completed successfully.
2025-02-21 17:24:02 - ✅ Redirecting to manage buildings page.
2025-02-21 17:28:43 - 🚀 Starting building creation...
2025-02-21 17:28:43 - ✔ Received form data: Name - Toà nhà E4, User ID - 2
2025-02-21 17:28:43 - ✅ New building created with ID: 22
2025-02-21 17:28:43 - ⚠️ No image uploaded or file error.
2025-02-21 17:28:43 - ✅ New building creation process completed successfully.
2025-02-21 17:28:43 - ✅ Redirecting to manage buildings page.
2025-02-21 17:29:30 - 🚀 Starting building creation...
2025-02-21 17:31:21 - 🚀 Starting building creation...
2025-02-21 17:31:52 - 🚀 Starting building creation...
2025-02-21 17:42:19 - 🚀 Starting building creation...
2025-02-21 17:42:30 - 🚀 Starting building creation...
2025-02-21 17:42:55 - 🚀 Starting building creation...
2025-02-21 18:12:12 - 🚀 Starting building creation...
2025-02-21 18:12:30 - 🚀 Starting building creation...
2025-02-21 18:12:37 - 🚀 Starting building creation...
2025-02-21 18:12:46 - 🚀 Starting building creation...
2025-02-21 18:14:17 - 🚀 Starting building creation...
2025-02-21 18:14:25 - 🚀 Starting building creation...
2025-02-21 18:14:40 - 🚀 Starting building creation...
2025-02-21 18:17:44 - 🚀 Starting building creation...
2025-02-21 18:17:44 - ✔ Received form data: Name - Toà nhà E4, User ID - 2
2025-02-21 18:17:44 - ✅ New building created with ID: 23
2025-02-21 18:17:44 - ⚠️ No image uploaded or file error.
2025-02-21 18:17:57 - 🚀 Starting building creation...
2025-02-21 18:17:57 - ✔ Received form data: Name - Toà nhà E4, User ID - 2
2025-02-21 18:17:57 - ✅ New building created with ID: 24
2025-02-21 18:17:57 - ⚠️ No image uploaded or file error.
2025-02-21 18:17:57 - ✅ New building creation process completed successfully.
2025-02-21 18:17:57 - ✅ Redirecting to manage buildings page.
2025-02-21 18:19:07 - 🚀 Starting building creation...
2025-02-21 18:19:07 - ✔ Received form data: Name - Toà nhà E4, User ID - 2
2025-02-21 18:19:07 - ✅ New building created with ID: 25
2025-02-21 18:19:07 - ⚠️ No image uploaded or file error.
2025-02-21 18:19:07 - ✅ New building creation process completed successfully.
2025-02-21 18:19:07 - ✅ Redirecting to manage buildings page.
2025-02-21 18:19:58 - 🚀 Starting room creation...
2025-02-21 18:19:58 - ✔ Received form data: Room - Phòng 104, Building ID - 25
2025-02-21 18:19:58 - ✅ New room created with ID: 37
2025-02-21 18:19:58 - ⚠️ No image uploaded or file error.
2025-02-21 18:19:58 - 🔄 Updating building rental price...
2025-02-21 18:19:58 - ✅ Cập nhật giá tòa nhà: 5 - 10
2025-02-21 18:19:58 - ✅ New room creation process completed successfully.
2025-02-21 18:19:58 - ✅ Redirecting to edit rooms page.
2025-02-21 18:22:06 - 🚀 Starting building creation...
2025-02-21 18:22:06 - ✔ Received form data: Name - Toà nhà E4, User ID - 2
2025-02-21 18:22:06 - ✅ New building created with ID: 26
2025-02-21 18:22:06 - ⚠️ No image uploaded or file error.
2025-02-21 18:22:06 - ✅ New building creation process completed successfully.
2025-02-21 18:22:06 - ✅ Redirecting to manage buildings page.
2025-02-23 01:04:30 - 🚀 Starting building creation process...
2025-02-23 01:04:30 - ✔ Received form data: Building Name - Test444, User ID - 2, Total Rooms - 0
2025-02-23 01:04:30 - ✅ New building created with ID: 6
2025-02-23 01:04:30 - ✔ Uploading multiple building images...
2025-02-23 01:04:39 - ✅ Stored multiple building images.
2025-02-23 01:04:39 - 🔄 Updating building rental price...
2025-02-23 01:04:39 - ⚠️ No valid room prices to update.
2025-02-23 01:04:39 - 🔔 Notifying admins about new building request...
2025-02-23 01:04:39 - ✅ Admin notifications sent.
2025-02-23 01:04:39 - ✅ Building creation completed successfully!
2025-02-23 01:06:00 - 🚀 Starting room creation...
2025-02-23 01:06:00 - ✔ Received form data: Room - Tessstgt, Building ID - 6
2025-02-23 01:06:00 - ✅ New room created with ID: 16
2025-02-23 01:06:00 - ✔ Uploading multiple room images to Google Drive...
2025-02-23 01:06:07 - ✅ Google Drive upload successful for multiple images.
2025-02-23 01:06:07 - ✅ Database updated with multiple room image URLs.
2025-02-23 01:06:07 - 🔄 Updating building rental price...
2025-02-23 01:06:07 - ✅ Cập nhật giá tòa nhà: 333 - 333
2025-02-23 01:06:07 - ✅ New room creation process completed successfully.
2025-02-23 01:06:07 - ✅ Redirecting to edit rooms page.
2025-02-23 01:24:54 - 🚀 Starting building creation process...
2025-02-23 01:24:54 - ✔ Received form data: Building Name - Vietcombank, User ID - 3, Total Rooms - 2
2025-02-23 01:24:54 - ✅ New building created with ID: 7
2025-02-23 01:24:54 - ✔ Uploading multiple building images...
2025-02-23 01:25:00 - ✅ Stored multiple building images.
2025-02-23 01:25:00 - 🏠 Adding rooms to building ID: 7...
2025-02-23 01:25:00 - 🔄 Updating building rental price...
2025-02-23 01:25:00 - ✅ Updated building rental price: 3 - 7
2025-02-23 01:25:00 - 🔔 Notifying admins about new building request...
2025-02-23 01:25:00 - ✅ Admin notifications sent.
2025-02-23 01:25:00 - ✅ Building creation completed successfully!
2025-02-23 01:33:45 - 🚀 Starting building creation process...
2025-02-23 01:33:45 - ✔ Received form data: Building Name - Vietinbank, User ID - 2, Total Rooms - 1
2025-02-23 01:33:45 - ✅ New building created with ID: 8
2025-02-23 01:33:45 - ✔ Uploading multiple building images...
2025-02-23 01:33:50 - ✅ Stored multiple building images.
2025-02-23 01:33:50 - 🏠 Adding rooms to building ID: 8...
2025-02-23 01:33:50 - 🔄 Updating building rental price...
2025-02-23 01:33:50 - ✅ Updated building rental price: 1 - 1
2025-02-23 01:33:50 - 🔔 Notifying admins about new building request...
2025-02-23 01:33:50 - ✅ Admin notifications sent.
2025-02-23 01:33:50 - ✅ Building creation completed successfully!
2025-02-23 10:01:44 - 🚀 Starting building creation process...
2025-02-23 10:01:44 - ✔ Received form data: Building Name - 4, User ID - 2, Total Rooms - 1
2025-02-23 10:01:44 - ✅ New building created with ID: 9
2025-02-23 10:01:44 - ✔ Uploading multiple building images...
2025-02-23 10:01:53 - ✅ Stored multiple building images.
2025-02-23 10:01:53 - 🏠 Adding rooms to building ID: 9...
2025-02-23 10:01:53 - 🔄 Updating building rental price...
2025-02-23 10:01:53 - ✅ Updated building rental price: 4 - 4
2025-02-23 10:01:53 - 🔔 Notifying admins about new building request...
2025-02-23 10:01:53 - ✅ Admin notifications sent.
2025-02-23 10:01:53 - ✅ Building creation completed successfully!
2025-02-23 10:10:01 - 🚀 Starting building creation process...
2025-02-23 10:10:01 - ✔ Received form data: Building Name - r, User ID - 2, Total Rooms - 1
2025-02-23 10:10:01 - ✅ New building created with ID: 10
2025-02-23 10:10:01 - ✔ Uploading multiple building images...
2025-02-23 10:10:09 - ✅ Stored multiple building images.
2025-02-23 10:10:09 - 🏠 Adding rooms to building ID: 10...
2025-02-23 10:10:09 - 🔄 Updating building rental price...
2025-02-23 10:10:09 - ✅ Updated building rental price: 5 - 5
2025-02-23 10:10:09 - 🔔 Notifying admins about new building request...
2025-02-23 10:10:09 - ✅ Admin notifications sent.
2025-02-23 10:10:09 - ✅ Building creation completed successfully!
2025-02-23 10:17:21 - 🚀 Starting building creation process...
2025-02-23 10:17:21 - ✔ Received form data: Building Name - 2546356, User ID - 2, Total Rooms - 1
2025-02-23 10:17:21 - ✅ New building created with ID: 11
2025-02-23 10:17:21 - ✔ Uploading multiple building images...
2025-02-23 10:17:30 - ✅ Stored multiple building images.
2025-02-23 10:17:30 - 🏠 Adding rooms to building ID: 11...
2025-02-23 10:17:30 - 🔄 Updating building rental price...
2025-02-23 10:17:30 - ✅ Updated building rental price: 5 - 5
2025-02-23 10:17:30 - 🔔 Notifying admins about new building request...
2025-02-23 10:17:30 - ✅ Admin notifications sent.
2025-02-23 10:17:30 - ✅ Building creation completed successfully!
2025-02-23 10:19:16 - 🚀 Starting building creation process...
2025-02-23 10:19:16 - ✔ Received form data: Building Name - 4, User ID - 2, Total Rooms - 1
2025-02-23 10:19:16 - ✅ New building created with ID: 12
2025-02-23 10:19:16 - ✔ Uploading multiple building images...
2025-02-23 10:19:25 - ✅ Stored multiple building images.
2025-02-23 10:19:25 - 🏠 Adding rooms to building ID: 12...
2025-02-23 10:19:25 - 🔄 Updating building rental price...
2025-02-23 10:19:25 - ✅ Updated building rental price: 5 - 5
2025-02-23 10:19:25 - 🔔 Notifying admins about new building request...
2025-02-23 10:19:25 - ✅ Admin notifications sent.
2025-02-23 10:19:25 - ✅ Building creation completed successfully!
2025-02-23 10:44:58 - 🚀 Starting building creation process...
2025-02-23 10:44:58 - ✔ Received form data: Building Name - House Đà Nẵng, User ID - 2, Total Rooms - 2
2025-02-23 10:44:58 - ✅ New building created with ID: 13
2025-02-23 10:44:58 - ✔ Uploading multiple building images...
2025-02-23 10:45:07 - ✅ Stored multiple building images.
2025-02-23 10:45:07 - 🏠 Adding rooms to building ID: 13...
2025-02-23 10:45:07 - 🔄 Updating building rental price...
2025-02-23 10:45:07 - ✅ Updated building rental price: 1 - 3
2025-02-23 10:45:07 - 🔔 Notifying admins about new building request...
2025-02-23 10:45:07 - ✅ Admin notifications sent.
2025-02-23 10:45:07 - ✅ Building creation completed successfully!
2025-02-23 12:37:44 - 🚀 Starting building creation process...
2025-02-23 12:37:44 - ✔ Received form data: Building Name - Tòa Nhà 1, User ID - 2, Total Rooms - 2
2025-02-23 12:37:44 - ✅ New building created with ID: 14
2025-02-23 12:37:44 - ✔ Uploading multiple building images...
2025-02-23 12:37:49 - ✅ Stored multiple building images.
2025-02-23 12:37:49 - 🏠 Adding rooms to building ID: 14...
2025-02-23 12:37:49 - 🔄 Updating building rental price...
2025-02-23 12:37:49 - ✅ Updated building rental price: 3 - 5
2025-02-23 12:37:49 - 🔔 Notifying admins about new building request...
2025-02-23 12:37:49 - ✅ Admin notifications sent.
2025-02-23 12:37:49 - ✅ Building creation completed successfully!
2025-02-24 21:41:11 - 🚀 Starting building creation process...
2025-02-24 21:41:11 - ✔ Received form data: Building Name - Bamboohouse, User ID - 2, Total Rooms - 1
2025-02-24 21:41:11 - ✅ New building created with ID: 15
2025-02-24 21:41:11 - ✔ Uploading multiple building images...
2025-02-24 21:41:14 - 🏠 Adding rooms to building ID: 15...
2025-02-24 21:41:14 - 🔄 Updating building rental price...
2025-02-24 21:41:14 - ✅ Updated building rental price: 5 - 5
2025-02-24 21:41:14 - 🔔 Notifying admins about new building request...
2025-02-24 21:41:14 - ✅ Admin notifications sent.
2025-02-24 21:41:14 - ✅ Building creation completed successfully!
2025-02-25 21:51:23 - 🚀 Starting building creation process...
2025-02-25 21:51:23 - ✔ Received form data: Building Name - Tòa nhà mới , User ID - 2, Total Rooms - 2
2025-02-25 21:51:23 - ✅ New building created with ID: 16
2025-02-25 21:51:23 - ✔ Uploading multiple building images...
2025-02-25 21:51:28 - ✅ Stored multiple building images.
2025-02-25 21:51:28 - 🏠 Adding rooms to building ID: 16...
2025-02-25 21:51:28 - 🔄 Updating building rental price...
2025-02-25 21:51:28 - ✅ Updated building rental price: 3 - 12
2025-02-25 21:51:28 - 🔔 Notifying admins about new building request...
2025-02-25 21:51:28 - ✅ Admin notifications sent.
2025-02-25 21:51:28 - ✅ Building creation completed successfully!
2025-02-26 12:51:35 - 🚀 Starting building creation process...
2025-02-26 12:51:35 - ✔ Received form data: Building Name - Vietinbank, User ID - 14, Total Rooms - 2
2025-02-26 12:51:35 - ✅ New building created with ID: 17
2025-02-26 12:51:35 - ✔ Uploading multiple building images...
2025-02-26 12:51:42 - ✅ Stored multiple building images.
2025-02-26 12:51:42 - 🏠 Adding rooms to building ID: 17...
2025-02-26 12:51:42 - 🔄 Updating building rental price...
2025-02-26 12:51:42 - ✅ Updated building rental price: 1 - 6
2025-02-26 12:51:42 - 🔔 Notifying admins about new building request...
2025-02-26 12:51:42 - ✅ Admin notifications sent.
2025-02-26 12:51:42 - ✅ Building creation completed successfully!
2025-03-01 16:02:09 - 🚀 Starting room creation...
2025-03-01 16:02:09 - ✔ Received form data: Room - Phong 1 , Building ID - 32
2025-03-01 16:02:09 - ✅ New room created with ID: 59
2025-03-01 16:02:09 - ✔ Uploading multiple room images to Google Drive...
2025-03-01 16:02:12 - ❌ No images uploaded or upload failed.
2025-03-01 16:02:12 - 🔄 Updating building rental price...
2025-03-01 16:02:12 - ✅ Cập nhật giá tòa nhà: 10 - 30
2025-03-01 16:02:12 - ✅ New room creation process completed successfully.
2025-03-01 16:02:12 - ✅ Redirecting to edit rooms page.
2025-03-01 16:07:39 - 🚀 Starting building creation process...
2025-03-01 16:07:39 - ✔ Received form data: Building Name - Tòa nhà mới, User ID - 2, Total Rooms - 2
2025-03-01 16:07:39 - ✅ New building created with ID: 33
2025-03-01 16:07:39 - ✔ Uploading multiple building images...
2025-03-01 16:07:45 - ✅ Stored multiple building images.
2025-03-01 16:07:45 - 🏠 Adding rooms to building ID: 33...
2025-03-01 16:07:45 - 🔄 Updating building rental price...
2025-03-01 16:07:45 - ✅ Updated building rental price: 3 - 5
2025-03-01 16:07:45 - 🔔 Notifying admins about new building request...
2025-03-01 16:07:45 - ✅ Admin notifications sent.
2025-03-01 16:07:45 - ✅ Building creation completed successfully!
2025-03-01 18:26:07 - 🚀 Starting building creation process...
2025-03-01 18:26:07 - ✔ Received form data: Building Name - Toà nhà hoa sen, User ID - 3, Total Rooms - 0
2025-03-01 18:26:07 - ✅ New building created with ID: 246
2025-03-01 18:26:07 - ✔ Uploading multiple building images...
2025-03-01 18:26:09 - 🚀 Starting building creation process...
2025-03-01 18:26:09 - ✔ Received form data: Building Name - Toà nhà hoa sen, User ID - 3, Total Rooms - 0
2025-03-01 18:26:09 - ✅ New building created with ID: 247
2025-03-01 18:26:09 - ✔ Uploading multiple building images...
2025-03-01 18:26:11 - 🔄 Updating building rental price...
2025-03-01 18:26:11 - ⚠️ No valid room prices to update.
2025-03-01 18:26:11 - 🔔 Notifying admins about new building request...
2025-03-01 18:26:11 - ✅ Admin notifications sent.
2025-03-01 18:26:11 - ✅ Building creation completed successfully!
2025-03-01 18:29:22 - 🚀 Starting building creation process...
2025-03-01 18:29:22 - ✔ Received form data: Building Name - Toà nhà hoa sen, User ID - 3, Total Rooms - 0
2025-03-01 18:29:22 - ✅ New building created with ID: 248
2025-03-01 18:29:22 - ✔ Uploading multiple building images...
2025-03-01 18:29:23 - 🔄 Updating building rental price...
2025-03-01 18:29:23 - ⚠️ No valid room prices to update.
2025-03-01 18:29:23 - 🔔 Notifying admins about new building request...
2025-03-01 18:29:23 - ✅ Admin notifications sent.
2025-03-01 18:29:23 - ✅ Building creation completed successfully!
2025-03-01 18:29:23 - 🚀 Starting building creation process...
2025-03-01 18:29:23 - ✔ Received form data: Building Name - Toà nhà hoa sen, User ID - 3, Total Rooms - 0
2025-03-01 18:29:23 - ✅ New building created with ID: 249
2025-03-01 18:29:23 - ✔ Uploading multiple building images...
2025-03-01 18:29:25 - 🔄 Updating building rental price...
2025-03-01 18:29:25 - ⚠️ No valid room prices to update.
2025-03-01 18:29:25 - 🔔 Notifying admins about new building request...
2025-03-01 18:29:25 - ✅ Admin notifications sent.
2025-03-01 18:29:25 - ✅ Building creation completed successfully!
2025-03-01 18:29:40 - 🚀 Starting building creation process...
2025-03-01 18:29:40 - ✔ Received form data: Building Name - Toà nhà hoa sen, User ID - 3, Total Rooms - 0
2025-03-01 18:29:40 - ✅ New building created with ID: 250
2025-03-01 18:29:40 - ✔ Uploading multiple building images...
2025-03-01 18:29:42 - 🔄 Updating building rental price...
2025-03-01 18:29:42 - ⚠️ No valid room prices to update.
2025-03-01 18:29:42 - 🔔 Notifying admins about new building request...
2025-03-01 18:29:42 - ✅ Admin notifications sent.
2025-03-01 18:29:42 - ✅ Building creation completed successfully!
2025-03-01 18:30:38 - 🚀 Starting building creation process...
2025-03-01 18:30:38 - ✔ Received form data: Building Name - Toà nhà hoa sen, User ID - 3, Total Rooms - 0
2025-03-01 18:30:38 - ✅ New building created with ID: 251
2025-03-01 18:30:38 - ✔ Uploading multiple building images...
2025-03-01 18:30:39 - 🔄 Updating building rental price...
2025-03-01 18:30:39 - ⚠️ No valid room prices to update.
2025-03-01 18:30:39 - 🔔 Notifying admins about new building request...
2025-03-01 18:30:39 - ✅ Admin notifications sent.
2025-03-01 18:30:39 - ✅ Building creation completed successfully!
2025-03-01 18:31:07 - 🚀 Starting room creation...
2025-03-01 18:31:07 - ✔ Received form data: Room - Phòng 3, Building ID - 251
2025-03-01 18:31:07 - ✅ New room created with ID: 62
2025-03-01 18:31:07 - ✔ Uploading multiple room images to Google Drive...
2025-03-01 18:31:09 - ❌ No images uploaded or upload failed.
2025-03-01 18:31:09 - 🔄 Updating building rental price...
2025-03-01 18:31:09 - ✅ Cập nhật giá tòa nhà: 5 - 5
2025-03-01 18:31:09 - ✅ New room creation process completed successfully.
2025-03-01 18:31:09 - ✅ Redirecting to edit rooms page.
2025-03-01 19:12:51 - 🚀 Starting building creation process...
2025-03-01 19:12:51 - ✔ Received form data: Building Name - Baboohouse, User ID - 2, Total Rooms - 1
2025-03-01 19:12:51 - ✅ New building created with ID: 252
2025-03-01 19:12:51 - ✔ Uploading multiple building images...
2025-03-01 19:12:51 - 🚀 Starting building creation process...
2025-03-01 19:12:51 - ✔ Received form data: Building Name - Baboohouse, User ID - 2, Total Rooms - 1
2025-03-01 19:12:51 - ✅ New building created with ID: 253
2025-03-01 19:12:51 - ✔ Uploading multiple building images...
2025-03-01 19:12:53 - 🏠 Adding rooms to building ID: 253...
2025-03-01 19:12:53 - 🔄 Updating building rental price...
2025-03-01 19:12:53 - ✅ Updated building rental price: 5 - 5
2025-03-01 19:12:53 - 🔔 Notifying admins about new building request...
2025-03-01 19:12:53 - ✅ Admin notifications sent.
2025-03-01 19:12:53 - ✅ Building creation completed successfully!
2025-03-01 19:22:57 - 🚀 Starting room creation...
2025-03-01 19:22:57 - ✔ Received form data: Room - Phòng 3, Building ID - 156
2025-03-01 19:22:57 - ✅ New room created with ID: 70
2025-03-01 19:22:57 - ✔ Uploading multiple room images to Google Drive...
2025-03-01 19:23:01 - ❌ No images uploaded or upload failed.
2025-03-01 19:23:01 - 🔄 Updating building rental price...
2025-03-01 19:23:01 - ✅ Cập nhật giá tòa nhà: 5 - 5
2025-03-01 19:23:01 - ✅ New room creation process completed successfully.
2025-03-01 19:23:01 - ✅ Redirecting to edit rooms page.
2025-03-01 19:23:19 - 🚀 Starting room creation...
2025-03-01 19:23:19 - ✔ Received form data: Room - Phòng 1, Building ID - 156
2025-03-01 19:23:19 - ✅ New room created with ID: 71
2025-03-01 19:23:19 - ✔ Uploading multiple room images to Google Drive...
2025-03-01 19:23:22 - ❌ No images uploaded or upload failed.
2025-03-01 19:23:22 - 🔄 Updating building rental price...
2025-03-01 19:23:22 - ✅ Cập nhật giá tòa nhà: 5 - 5
2025-03-01 19:23:22 - ✅ New room creation process completed successfully.
2025-03-01 19:23:22 - ✅ Redirecting to edit rooms page.
2025-03-01 19:23:30 - 🚀 Starting room creation...
2025-03-01 19:23:30 - ✔ Received form data: Room - Phòng 1, Building ID - 156
2025-03-01 19:23:30 - ✅ New room created with ID: 72
2025-03-01 19:23:30 - ✔ Uploading multiple room images to Google Drive...
2025-03-01 19:23:32 - ❌ No images uploaded or upload failed.
2025-03-01 19:23:32 - 🔄 Updating building rental price...
2025-03-01 19:23:32 - ✅ Cập nhật giá tòa nhà: 5 - 5
2025-03-01 19:23:32 - ✅ New room creation process completed successfully.
2025-03-01 19:23:32 - ✅ Redirecting to edit rooms page.
2025-03-01 20:03:04 - 🚀 Starting room creation...
2025-03-01 20:03:04 - ✔ Received form data: Room - Phòng 101, Building ID - 51
2025-03-01 20:03:04 - ✅ New room created with ID: 73
2025-03-01 20:03:04 - ✔ Uploading multiple room images to Google Drive...
2025-03-01 20:03:08 - ❌ No images uploaded or upload failed.
2025-03-01 20:03:08 - 🔄 Updating building rental price...
2025-03-01 20:03:08 - ✅ Cập nhật giá tòa nhà: 5 - 5
2025-03-01 20:03:08 - ✅ New room creation process completed successfully.
2025-03-01 20:03:08 - ✅ Redirecting to edit rooms page.
2025-03-01 21:50:27 - 🚀 Starting building creation process...
2025-03-01 21:50:27 - ✔ Received form data: Building Name - TGN, User ID - 3, Total Rooms - 0
2025-03-01 21:50:27 - ✅ New building created with ID: 254
2025-03-01 21:50:27 - ✔ Uploading multiple building images...
2025-03-01 21:50:34 - ✅ Stored multiple building images.
2025-03-01 21:50:34 - 🔄 Updating building rental price...
2025-03-01 21:50:34 - ⚠️ No valid room prices to update.
2025-03-01 21:50:34 - 🔔 Notifying admins about new building request...
2025-03-01 21:50:34 - ✅ Admin notifications sent.
2025-03-01 21:50:34 - ✅ Building creation completed successfully!
2025-03-01 22:53:40 - 🚀 Starting building creation process...
2025-03-01 22:53:40 - ✔ Received form data: Building Name - quiheq, User ID - 2, Total Rooms - 1
2025-03-01 22:53:40 - ✅ New building created with ID: 255
2025-03-01 22:53:40 - ✔ Uploading multiple building images...
2025-03-01 22:53:46 - ✅ Stored multiple building images.
2025-03-01 22:53:46 - 🏠 Adding rooms to building ID: 255...
2025-03-01 22:53:46 - 🔄 Updating building rental price...
2025-03-01 22:53:47 - ✅ Updated building rental price: 123 - 123
2025-03-01 22:53:47 - 🔔 Notifying admins about new building request...
2025-03-01 22:53:47 - ✅ Admin notifications sent.
2025-03-01 22:53:47 - ✅ Building creation completed successfully!
